2025-12-28 18:29:53,501 - INFO - ======================================================================
2025-12-28 18:29:53,501 - INFO - STARTING DATA CONVERSION (Memory-Efficient Mode)
2025-12-28 18:29:53,501 - INFO - ======================================================================
2025-12-28 18:29:53,501 - INFO - 
[Step 1/5] Checking input files...
2025-12-28 18:29:53,502 - INFO - ✓ Found Expression matrix: ../data/raw/GSE120575_Sade_Feldman_melanoma_single_cells_TPM_GEO.txt.gz (120.9 MB)
2025-12-28 18:29:53,503 - INFO - ✓ Found Metadata file: ../data/raw/GSE120575_patient_ID_single_cells.txt.gz (0.1 MB)
2025-12-28 18:29:53,503 - INFO - 
[Step 2/5] Loading metadata...
2025-12-28 18:29:53,503 - INFO - Loading metadata...
2025-12-28 18:29:53,562 - INFO -   Raw metadata shape: (16329, 35)
2025-12-28 18:29:53,589 - INFO -   Cleaned metadata shape: (16291, 5)
2025-12-28 18:29:53,592 - INFO -   Response: {'Non-responder': 10727, 'Responder': 5564}
2025-12-28 18:29:53,593 - INFO -   Timepoint: {'Post': 10363, 'Pre': 5928}
2025-12-28 18:29:53,593 - INFO - 
[Step 3/5] Loading expression matrix...
2025-12-28 18:29:53,593 - INFO - Loading expression matrix (memory-efficient mode)...
2025-12-28 18:29:53,593 - INFO -   This will take several minutes - please be patient...
2025-12-28 18:29:53,593 - INFO -   Pass 1: Reading header to get cell IDs...
2025-12-28 18:29:53,598 - INFO -   Detected sample ID row, will skip it...
2025-12-28 18:30:03,619 - INFO -   Found 16290 cells, 55737 genes
2025-12-28 18:30:03,620 - INFO -   Pass 2: Reading expression values...
2025-12-28 18:30:03,622 - INFO -     Processing gene 0/55737...
2025-12-28 18:30:18,268 - INFO -     Processing gene 5000/55737...
2025-12-28 18:30:31,136 - INFO -     Processing gene 10000/55737...
2025-12-28 18:30:44,529 - INFO -     Processing gene 15000/55737...
2025-12-28 18:30:56,549 - INFO -     Processing gene 20000/55737...
2025-12-28 18:31:09,269 - INFO -     Processing gene 25000/55737...
2025-12-28 18:31:21,018 - INFO -     Processing gene 30000/55737...
2025-12-28 18:31:32,813 - INFO -     Processing gene 35000/55737...
2025-12-28 18:31:45,607 - INFO -     Processing gene 40000/55737...
2025-12-28 18:31:58,074 - INFO -     Processing gene 45000/55737...
2025-12-28 18:32:11,077 - INFO -     Processing gene 50000/55737...
2025-12-28 18:32:24,124 - INFO -     Processing gene 55000/55737...
2025-12-28 18:32:25,806 - INFO -   Loaded 55737 genes
2025-12-28 18:32:25,806 - INFO -   Transposing to cells × genes format...
2025-12-28 18:32:25,806 - INFO -   Creating DataFrame...
2025-12-28 18:32:25,841 - INFO -   Final shape: (16290, 55737)
2025-12-28 18:32:25,842 - INFO - 
[Step 4/5] Creating AnnData...
2025-12-28 18:32:25,842 - INFO - Creating AnnData object...
2025-12-28 18:32:25,874 - INFO -   Cells in expression: 16290
2025-12-28 18:32:25,874 - INFO -   Cells in metadata: 16291
2025-12-28 18:32:25,874 - INFO -   Common cells: 16290
2025-12-28 18:32:45,800 - INFO -   Converting to sparse matrix...
2025-12-28 18:33:41,766 - INFO -   AnnData created: 16290 cells × 55737 genes
2025-12-28 18:33:43,843 - INFO - 
[Step 5/5] Saving h5ad file...
2025-12-28 18:33:43,844 - INFO - Saving to ../data/processed/GSE120575_melanoma.h5ad...
2025-12-28 18:33:44,342 - INFO -   ✓ Saved: ../data/processed/GSE120575_melanoma.h5ad (302.8 MB)
2025-12-28 18:33:44,342 - INFO - 
======================================================================
2025-12-28 18:33:44,342 - INFO - CONVERSION COMPLETE!
2025-12-28 18:33:44,342 - INFO - ======================================================================
2025-12-28 18:33:44,342 - INFO - Output: ../data/processed/GSE120575_melanoma.h5ad
2025-12-28 18:33:44,342 - INFO - Cells: 16290
2025-12-28 18:33:44,343 - INFO - Genes: 55737
2025-12-28 18:33:44,343 - INFO - Responders: 5563
2025-12-28 18:33:44,343 - INFO - Non-responders: 10727
2025-12-28 18:33:44,344 - INFO - Pre-treatment: 5927
2025-12-28 18:33:44,344 - INFO - Post-treatment: 10363
